// Jest Snapshot v1, https://goo.gl/fbAQLP

exports[`renders homepage unchanged 1`] = `
<div>
  <div
    class="bg-white min-h-screen py-8"
  >
    <h1>
      Heading
    </h1>
    <div
      class="container mx-auto px-4"
    >
      <div
        class="grid grid-cols-1 md:grid-cols-2 lg:grid-cols-3 gap-6"
      />
    </div>
  </div>
</div>
`;
